
Project Due Dates                                                Page:         1
                                                                                
Project                        Start     Due Date                               
****************************** ********* *********                              
Time Sheet System              05-NOV-01 09-NOV-01                              
Time Sheet System              21-NOV-01 26-NOV-01                              
Time Sheet System              05-NOV-01 30-NOV-01                              
Payroll System                 21-NOV-01 30-NOV-01                              
Time Sheet System              05-NOV-01 30-DEC-01                              
Time Sheet System              13-NOV-01 31-MAR-02                              
Time Sheet System              26-NOV-01 31-MAR-02                              
Time Sheet System              26-NOV-01 31-MAR-02                              
test_completed                 26-NOV-12 26-NOV-12                              

9 rows selected.

